[0] Hello
[1] World  (3.141593)
[2]  
432429 == 10547 * 41 + 2
31
